autocorrect-private-not-suggested.rb:11: Method `my_private_metho` does not exist on `A` https://srb.help/7003
    11 |A.new.my_private_metho
              ^^^^^^^^^^^^^^^^
  Got `A` originating from:
    autocorrect-private-not-suggested.rb:11:
    11 |A.new.my_private_metho
        ^^^^^

autocorrect-private-not-suggested.rb:7: Method `my_private_metho` does not exist on `A` https://srb.help/7003
     7 |    my_private_metho
            ^^^^^^^^^^^^^^^^
  Autocorrect: Done
    autocorrect-private-not-suggested.rb:7: Replaced with `my_private_method`
     7 |    my_private_metho
            ^^^^^^^^^^^^^^^^
    autocorrect-private-not-suggested.rb:4: Defined here
     4 |  private def my_private_method; end
                  ^^^^^^^^^^^^^^^^^^^^^
Errors: 2

--------------------------------------------------------------------------

# typed: true

class A
  private def my_private_method; end

  def example
    my_private_method
  end
end

A.new.my_private_metho
