test/cli/constant-fuzzy/constant-fuzzy.rb:3: Unable to resolve constant `Yieldr` https://sorbet.org/docs/error-reference#5002
     3 |Yieldr.foo(Intege, Int)
        ^^^^^^
    https://github.com/stripe/sorbet/tree/master/rbi/core/_empty.rbi#L98: Did you mean: `Enumerator::Yielder`?
    98 |class Enumerator::Yielder < Object
        ^^^^^^^^^^^^^^^^^^^^^^^^^^^^^^^^^^
    https://github.com/stripe/sorbet/tree/master/rbi/stdlib/ripper.rbi#L3: Did you mean: `Ripper`?
     3 |class Ripper
        ^^^^^^^^^^^^
    https://github.com/stripe/sorbet/tree/master/rbi/core/fiber.rbi#L3: Did you mean: `Fiber`?
     3 |class Fiber < Object
        ^^^^^^^^^^^^^^^^^^^^

test/cli/constant-fuzzy/constant-fuzzy.rb:3: Unable to resolve constant `Intege` https://sorbet.org/docs/error-reference#5002
     3 |Yieldr.foo(Intege, Int)
                   ^^^^^^
    https://github.com/stripe/sorbet/tree/master/rbi/core/_empty.rbi#L38: Did you mean: `Date`?
    38 |class Date::Infinity < Numeric
              ^^^^
    https://github.com/stripe/sorbet/tree/master/rbi/core/integer.rbi#L2: Did you mean: `Integer`?
     2 |class Integer < Numeric
        ^^^^^^^^^^^^^^^^^^^^^^^

test/cli/constant-fuzzy/constant-fuzzy.rb:3: Unable to resolve constant `Int` https://sorbet.org/docs/error-reference#5002
     3 |Yieldr.foo(Intege, Int)
                           ^^^
    https://github.com/stripe/sorbet/tree/master/rbi/stdlib/net.rbi#L6: Did you mean: `Net`?
     6 |module Net
        ^^^^^^^^^^
    https://github.com/stripe/sorbet/tree/master/rbi/core/_empty.rbi#L773: Did you mean: `IO`?
     773 |class IO::EAGAINWaitReadable < Errno::EAGAIN
                ^^
    https://github.com/stripe/sorbet/tree/master/rbi/core/set.rbi#L2: Did you mean: `Set`?
     2 |class Set < Object
        ^^^^^^^^^^^^^^^^^^

test/cli/constant-fuzzy/constant-fuzzy.rb:7: Unable to resolve constant `Constant` https://sorbet.org/docs/error-reference#5002
     7 |module A::B; Constant; end
                     ^^^^^^^^
    test/cli/constant-fuzzy/constant-fuzzy.rb:5: Did you mean: `A::Constant`?
     5 |module A; Constant = 1; end;
                  ^^^^^^^^
Errors: 4
