suggest-foreign-lambda.rb:7: The argument to `foreign:` must be a lambda https://srb.help/3508
     7 |  prop :my_model, String, foreign: MyModel
                                           ^^^^^^^
  Autocorrect: Done
    suggest-foreign-lambda.rb:7: Replaced with `-> {MyModel}`
     7 |  prop :my_model, String, foreign: MyModel
                                           ^^^^^^^
Errors: 1

--------------------------------------------------------------------------

# typed: strict

class MyModel; end

class MyOtherModel
  include T::Props
  prop :my_model, String, foreign: -> {MyModel}
end
