Directory `test/cli/folder-input-not-found/files` not found
