You may not use autocorrect when silencing errors.
