-e:1: missing arg to "!" operator https://srb.help/2001
     1 |!
        ^
Errors: 1
0
