--secondary-test-package-namespaces must contain items that start with a capital letter and are alphanumeric.
--secondary-test-package-namespaces must contain items that start with a capital letter and are alphanumeric.
--secondary-test-package-namespaces must contain items that start with a capital letter and are alphanumeric.
