-e:2: Method `foo` does not exist on `T.class_of(<root>)` https://srb.help/7003
     2 | foo(1 +
         ^^^

-e:17: Method `foo` does not exist on `T.class_of(<root>)` https://srb.help/7003
    17 | foo(1 +
         ^^^

-e:27: Method `foo` does not exist on `T.class_of(<root>)` https://srb.help/7003
    27 | foo(1 +
         ^^^

-e:38: Method `foo` does not exist on `T.class_of(<root>)` https://srb.help/7003
    38 | foo(1 +
         ^^^
Errors: 4
-e:12: Expected `Integer` but found `String` for argument `x` https://srb.help/7002
    12 |  returns_string( # 1
    13 |                  # 2
    14 |                  # 3
    15 |                  # 4
    16 |                  # 5
       |...
    21 |                  # 10
    22 |                  # 11
    23 |                  # 12
    24 |                  # 13
    25 |  )               # 14
  Expected `Integer` for argument `x` of method `Object#takes_integer`:
    -e:8:
     8 |sig {params(x: Integer).void}
                    ^
  Got `String` originating from:
    -e:12:
    12 |  returns_string( # 1
    13 |                  # 2
    14 |                  # 3
    15 |                  # 4
    16 |                  # 5
       |...
    21 |                  # 10
    22 |                  # 11
    23 |                  # 12
    24 |                  # 13
    25 |  )               # 14

-e:29: Expected `Integer` but found `String` for argument `x` https://srb.help/7002
    29 |  returns_string( # 1
    30 |                  # 2
    31 |                  # 3
    32 |                  # 4
    33 |                  # 5
    34 |                  # 6
    35 |                  # 7
    36 |                  # 8
    37 |  )               # 9
  Expected `Integer` for argument `x` of method `Object#takes_integer`:
    -e:8:
     8 |sig {params(x: Integer).void}
                    ^
  Got `String` originating from:
    -e:29:
    29 |  returns_string( # 1
    30 |                  # 2
    31 |                  # 3
    32 |                  # 4
    33 |                  # 5
    34 |                  # 6
    35 |                  # 7
    36 |                  # 8
    37 |  )               # 9

-e:41: Expected `Integer` but found `String` for argument `x` https://srb.help/7002
    41 |  returns_string( # 1
    42 |                  # 2
    43 |                  # 3
    44 |                  # 4
    45 |                  # 5
    46 |                  # 6
    47 |                  # 7
    48 |                  # 8
    49 |                  # 9
    50 |  )               # 10
  Expected `Integer` for argument `x` of method `Object#takes_integer`:
    -e:8:
     8 |sig {params(x: Integer).void}
                    ^
  Got `String` originating from:
    -e:41:
    41 |  returns_string( # 1
    42 |                  # 2
    43 |                  # 3
    44 |                  # 4
    45 |                  # 5
    46 |                  # 6
    47 |                  # 7
    48 |                  # 8
    49 |                  # 9
    50 |  )               # 10

-e:54: Expected `Integer` but found `String` for argument `x` https://srb.help/7002
    54 |  returns_string( # 1
    55 |                  # 2
    56 |                  # 3
    57 |                  # 4
    58 |                  # 5
       |...
    60 |                  # 7
    61 |                  # 8
    62 |                  # 9
    63 |                  # 10
    64 |  )               # 11
  Expected `Integer` for argument `x` of method `Object#takes_integer`:
    -e:8:
     8 |sig {params(x: Integer).void}
                    ^
  Got `String` originating from:
    -e:54:
    54 |  returns_string( # 1
    55 |                  # 2
    56 |                  # 3
    57 |                  # 4
    58 |                  # 5
       |...
    60 |                  # 7
    61 |                  # 8
    62 |                  # 9
    63 |                  # 10
    64 |  )               # 11
Errors: 4
