test/cli/model_mutator_behavior/model_mutator_behavior__2.rb:3: `Foo::MyModel::Mutator` has behavior defined in multiple files https://srb.help/4019
     3 |class Foo::MyModel::Mutator
        ^^^^^^^^^^^^^^^^^^^^^^^^^^^
    test/cli/model_mutator_behavior/model_mutator_behavior__1.rb:4: Previous definition
     4 |  prop :array_of_explicit, Array, array: String
          ^^^^^^^^^^^^^^^^^^^^^^^^^^^^^^^^^^^^^^^^^^^^^
Errors: 1
