test/cli/at/at.rb:2: `String("s")` does not match `Integer` for argument `arg0` https://srb.help/7002
     2 |1 + "s"
        ^^^^^^^
    https://github.com/sorbet/sorbet/tree/master/rbi/core/integer.rbi#L104: Method `Integer#+` has specified `arg0` as `Integer`
     104 |        arg0: Integer,
                  ^^^^
  Got String("s") originating from:
    test/cli/at/at.rb:2:
     2 |1 + "s"
            ^^^
Errors: 1
File Not Found: does_not_exist
