No errors! Great job.
[{"file":"./compiled-false.rb","compiled":"false"},{"file":"./compiled-none.rb","compiled":"none"},{"file":"./compiled-true.rb","compiled":"true"}]