test/cli/suggest-new/suggest-new.rb:9: Method `ABC` does not exist on `T.class_of(<root>)` https://srb.help/7003
     9 |ABC(1)
        ^^^
  Note:
    Ruby uses `.new` to invoke a class's constructor
  Autocorrect: Use `-a` to autocorrect
    test/cli/suggest-new/suggest-new.rb:9: Insert `.new`
     9 |ABC(1)
           ^
  Note:
    Ruby uses `.new` to invoke a class's constructor
  Autocorrect: Use `-a` to autocorrect
    test/cli/suggest-new/suggest-new.rb:9: Insert `.new`
     9 |ABC(1)
           ^
Errors: 1
