--- autogen-subclasses-ignore-relative ---
Opus::Parent
 Opus::Child

--- autogen-subclasses-ignore-absolute ---
Opus::Parent
